Microchip MPLAB XC8 Compiler V2.35

Linker command line:

-W-3 --edf=C:\Program Files\Microchip\xc8\v2.35\pic\dat\en_msgs.txt -cn \
  -h+dist/default/production\prog-micros_lab08_lg20168.X.production.sym \
  --cmf=dist/default/production\prog-micros_lab08_lg20168.X.production.cmf \
  -z -Q16F887 -oC:\Users\luisg\AppData\Local\Temp\xcAsdvk.4 \
  --defsym=__MPLAB_BUILD=1 \
  -Mdist/default/production/prog-micros_lab08_lg20168.X.production.map \
  --md=C:\Users\luisg\AppData\Local\Temp\xcAsdvk.dat -E1 -ver=XC8 Compiler \
  --acfsm=1493 -ACODE=00h-07FFhx4 -ASTRCODE=00h-01FFFh -ASTRING=00h-0FFhx32 \
  -ACONST=00h-0FFhx32 -AENTRY=00h-0FFhx32 -ACOMMON=070h-07Fh \
  -ABANK0=020h-06Fh -ABANK1=0A0h-0EFh -ABANK2=0110h-016Fh \
  -ABANK3=0190h-01EFh -ARAM=020h-06Fh,0A0h-0EFh,0110h-016Fh,0190h-01EFh \
  -AABS1=020h-07Fh,0A0h-0EFh,0110h-016Fh,0190h-01EFh -ASFR0=00h-01Fh \
  -ASFR1=080h-09Fh -ASFR2=0100h-010Fh -ASFR3=0180h-018Fh \
  -ACONFIG=02007h-02008h -DCONFIG=2 -AIDLOC=02000h-02003h -DIDLOC=2 \
  -AEEDATA=00h-0FFh/02100h -peeprom_data=EEDATA -DEEDATA=2 -DCODE=2 \
  -DSTRCODE=2 -DSTRING=2 -DCONST=2 -DENTRY=2 \
  -preset_vec=00h,intentry=04h,init,end_init -ppowerup=CODE -pcinit=CODE \
  -pfunctab=ENTRY -k C:\Users\luisg\AppData\Local\Temp\xcAsdvk.o \
  dist/default/production\prog-micros_lab08_lg20168.X.production.o 

Object code version is 3.11

Machine type is 16F887



                Name                               Link     Load   Length Selector   Space Scale
C:\Users\luisg\AppData\Local\Temp\xcAsdvk.o
                end_init                              E        E        3        8       0
                reset_vec                             0        0        3        0       0
                config                             2007     2007        2        0       4
                idloc                              2000     2000        4        0       5
dist/default/production\prog-micros_lab08_lg20168.X.production.o
                cinit                                11       11       1F        8       0
                intentry                              4        4        A        8       0
                config                             2007     2007        2        0       4
                idloc                              2000     2000        4        0       5
                text10                              578      578       6E        8       0
                text9                               5E6      5E6       69        8       0
                text8                               64F      64F       5B        8       0
                text7                               726      726       29        8       0
                text6                                30       30      361        8       0
                text5                               4FC      4FC       7C        8       0
                text4                               391      391       BC        8       0
                text3                               44D      44D       AF        8       0
                text2                               6AA      6AA       40        8       0
                text1                               762      762        D        8       0
                maintext                            6EA      6EA       3C        8       0
                cstackBANK0                          20       20       3A       20       1
                cstackCOMMON                         70       70        7       70       1
                inittext                            74F      74F       13        8       0
                dataBANK0                            65       65        A       20       1
                bssBANK0                             5A       5A        B       20       1
                bssCOMMON                            77       77        2       70       1
                idataBANK0                          76F      76F        A        8       0

TOTAL           Name                               Link     Load   Length     Space
        CLASS   CODE           
                end_init                              E        E        3         0
                cinit                                11       11       1F         0
                intentry                              4        4        A         0
                reset_vec                             0        0        3         0
                text10                              578      578       6E         0
                text9                               5E6      5E6       69         0
                text8                               64F      64F       5B         0
                text7                               726      726       29         0
                text6                                30       30      361         0
                text5                               4FC      4FC       7C         0
                text4                               391      391       BC         0
                text3                               44D      44D       AF         0
                text2                               6AA      6AA       40         0
                text1                               762      762        D         0
                maintext                            6EA      6EA       3C         0
                inittext                            74F      74F       13         0
                idataBANK0                          76F      76F        A         0

        CLASS   STRCODE        

        CLASS   STRING         

        CLASS   CONST          

        CLASS   ENTRY          

        CLASS   COMMON         
                cstackCOMMON                         70       70        7         1
                bssCOMMON                            77       77        2         1

        CLASS   BANK0          
                cstackBANK0                          20       20       3A         1
                dataBANK0                            65       65        A         1
                bssBANK0                             5A       5A        B         1

        CLASS   BANK1          

        CLASS   BANK2          

        CLASS   BANK3          

        CLASS   RAM            

        CLASS   ABS1           
                abs_s1                               7E       7E        2         1

        CLASS   SFR0           

        CLASS   SFR1           

        CLASS   SFR2           

        CLASS   SFR3           

        CLASS   CONFIG         
                config                             2007     2007        2         4

        CLASS   IDLOC          
                idloc                              2000     2000        4         5

        CLASS   EEDATA         

        CLASS   STACK          



SEGMENTS        Name                           Load    Length   Top    Selector   Space  Class     Delta

                reset_vec                      000000  000003  000003         0       0  CODE        2
                intentry                       000004  000775  000779         8       0  CODE        2
                cstackBANK0                    000020  00004F  00006F        20       1  BANK0       1
                cstackCOMMON                   000070  000009  000079        70       1  COMMON      1


UNUSED ADDRESS RANGES

        Name                Unused          Largest block    Delta
        BANK0            006F-006F              1           1
        BANK1            00A0-00EF             50           1
        BANK2            0110-016F             60           1
        BANK3            0190-01EF             60           1
        CODE             0003-0003              1           2
                         0779-1FFF            800
        COMMON           0079-007D              5           1
        CONST            0003-0003              1           2
                         0779-1FFF            100
        EEDATA           2100-21FF            100           2
        ENTRY            0003-0003              1           2
                         0779-1FFF            100
        RAM              006F-006F              1           1
                         00A0-00EF             50
                         0110-016F             60
                         0190-01EF             60
        SFR0             0000-001F             20           1
        SFR1             0080-009F             20           1
        SFR2             0100-010F             10           1
        SFR3             0180-018F             10           1
        STRCODE          0003-0003              1           2
                         0779-1FFF           1887
        STRING           0003-0003              1           2
                         0779-1FFF            100

                                  Symbol Table

?__Umul8_16              cstackCOMMON 0075
?___awdiv                cstackBANK0  0020
?___awmod                cstackBANK0  0020
?___flmul                cstackBANK0  002E
?___fltol                cstackBANK0  0048
?___xxtofl               cstackBANK0  0020
_ADCON0bits              (abs)        001F
_ADCON1bits              (abs)        009F
_ADRESH                  (abs)        001E
_ANSEL                   (abs)        0188
_ANSELH                  (abs)        0189
_INTCONbits              (abs)        000B
_OPTION_REGbits          (abs)        0081
_OSCCONbits              (abs)        008F
_PIE1bits                (abs)        008C
_PIR1bits                (abs)        000C
_PORTA                   (abs)        0005
_PORTC                   (abs)        0007
_PORTCbits               (abs)        0007
_PORTD                   (abs)        0008
_PORTE                   (abs)        0009
_PORTEbits               (abs)        0009
_T0IF                    (abs)        005A
_TMR0                    (abs)        0001
_TRISA                   (abs)        0085
_TRISC                   (abs)        0087
_TRISD                   (abs)        0088
_TRISE                   (abs)        0089
__Habs1                  abs1         0000
__Hbank0                 bank0        0000
__Hbank1                 bank1        0000
__Hbank2                 bank2        0000
__Hbank3                 bank3        0000
__HbssBANK0              bssBANK0     0000
__HbssCOMMON             bssCOMMON    0000
__Hcinit                 cinit        0030
__Hclrtext               clrtext      0000
__Hcode                  code         0000
__Hcommon                common       0000
__Hconfig                config       2009
__HcstackBANK0           cstackBANK0  0000
__HcstackCOMMON          cstackCOMMON 0000
__HdataBANK0             dataBANK0    0000
__Heeprom_data           eeprom_data  0000
__Hend_init              end_init     0011
__Hfunctab               functab      0000
__HidataBANK0            idataBANK0   0000
__Hidloc                 idloc        2004
__Hinit                  init         000E
__Hinittext              inittext     0000
__Hintentry              intentry     000E
__Hmaintext              maintext     0000
__Hpowerup               powerup      0000
__Hram                   ram          0000
__Hreset_vec             reset_vec    0003
__Hsfr0                  sfr0         0000
__Hsfr1                  sfr1         0000
__Hsfr2                  sfr2         0000
__Hsfr3                  sfr3         0000
__Hspace_0               (abs)        0779
__Hspace_1               (abs)        0079
__Hspace_2               (abs)        0000
__Hspace_3               (abs)        0000
__Hspace_4               (abs)        4010
__Hstack                 stack        0000
__Hstrings               strings      0000
__Htext                  text         0000
__Labs1                  abs1         0000
__Lbank0                 bank0        0000
__Lbank1                 bank1        0000
__Lbank2                 bank2        0000
__Lbank3                 bank3        0000
__LbssBANK0              bssBANK0     0000
__LbssCOMMON             bssCOMMON    0000
__Lcinit                 cinit        0011
__Lclrtext               clrtext      0000
__Lcode                  code         0000
__Lcommon                common       0000
__Lconfig                config       0000
__LcstackBANK0           cstackBANK0  0000
__LcstackCOMMON          cstackCOMMON 0000
__LdataBANK0             dataBANK0    0000
__Leeprom_data           eeprom_data  0000
__Lend_init              end_init     000E
__Lfunctab               functab      0000
__LidataBANK0            idataBANK0   0000
__Lidloc                 idloc        0000
__Linit                  init         000E
__Linittext              inittext     0000
__Lintentry              intentry     0004
__Lmaintext              maintext     0000
__Lpowerup               powerup      0000
__Lram                   ram          0000
__Lreset_vec             reset_vec    0000
__Lsfr0                  sfr0         0000
__Lsfr1                  sfr1         0000
__Lsfr2                  sfr2         0000
__Lsfr3                  sfr3         0000
__Lspace_0               (abs)        0000
__Lspace_1               (abs)        0000
__Lspace_2               (abs)        0000
__Lspace_3               (abs)        0000
__Lspace_4               (abs)        0000
__Lstack                 stack        0000
__Lstrings               strings      0000
__Ltext                  text         0000
__S0                     (abs)        0779
__S1                     (abs)        0079
__S3                     (abs)        0000
__Umul8_16               text7        0726
__Umul8_16@multiplicand  cstackCOMMON 0075
__Umul8_16@multiplier    cstackBANK0  0026
__Umul8_16@product       cstackBANK0  0022
__Umul8_16@word_mpld     cstackBANK0  0024
___awdiv                 text9        05E6
___awdiv@counter         cstackBANK0  0024
___awdiv@dividend        cstackBANK0  0022
___awdiv@divisor         cstackBANK0  0020
___awdiv@quotient        cstackBANK0  0026
___awdiv@sign            cstackBANK0  0025
___awmod                 text8        064F
___awmod@counter         cstackBANK0  0024
___awmod@dividend        cstackBANK0  0022
___awmod@divisor         cstackBANK0  0020
___awmod@sign            cstackBANK0  0025
___flmul                 text6        0030
___flmul@a               cstackBANK0  0032
___flmul@aexp            cstackBANK0  003C
___flmul@b               cstackBANK0  002E
___flmul@bexp            cstackBANK0  0041
___flmul@grs             cstackBANK0  003D
___flmul@prod            cstackBANK0  0042
___flmul@sign            cstackBANK0  003B
___flmul@temp            cstackBANK0  0046
___fltol                 text5        04FC
___fltol@exp1            cstackBANK0  0052
___fltol@f1              cstackBANK0  0048
___fltol@sign1           cstackBANK0  0051
___int_sp                stack        0000
___latbits               (abs)        0002
___sp                    stack        0000
___stackhi               (abs)        0000
___stacklo               (abs)        0000
___xxtofl                text4        0391
___xxtofl@arg            cstackBANK0  002A
___xxtofl@exp            cstackBANK0  0029
___xxtofl@sign           cstackBANK0  0028
___xxtofl@val            cstackBANK0  0020
__end_of__Umul8_16       text7        074F
__end_of___awdiv         text9        064F
__end_of___awmod         text8        06AA
__end_of___flmul         text6        0391
__end_of___fltol         text5        0578
__end_of___xxtofl        text4        044D
__end_of__initialization cinit        002C
__end_of_digits          text3        04FC
__end_of_isr             text10       05E6
__end_of_main            maintext     0726
__end_of_setup           text2        06EA
__end_of_tmr0_setup      text1        076F
__initialization         cinit        0011
__pbssBANK0              bssBANK0     005A
__pbssCOMMON             bssCOMMON    0077
__pcstackBANK0           cstackBANK0  0020
__pcstackCOMMON          cstackCOMMON 0070
__pdataBANK0             dataBANK0    0065
__pidataBANK0            idataBANK0   076F
__pintentry              intentry     0004
__pmaintext              maintext     06EA
__ptext1                 text1        0762
__ptext10                text10       0578
__ptext2                 text2        06AA
__ptext3                 text3        044D
__ptext4                 text4        0391
__ptext5                 text5        04FC
__ptext6                 text6        0030
__ptext7                 text7        0726
__ptext8                 text8        064F
__ptext9                 text9        05E6
_digits                  text3        044D
_digits$934              cstackBANK0  0055
_disp_flag               bssCOMMON    0077
_huns                    bssBANK0     005E
_index                   dataBANK0    0065
_isr                     text10       0578
_main                    maintext     06EA
_mod                     bssBANK0     0064
_ones                    bssBANK0     005A
_setup                   text2        06AA
_tens                    bssBANK0     005C
_tmr0_setup              text1        0762
_var                     bssBANK0     0062
_volt_val                bssBANK0     0060
btemp                    (abs)        007E
end_of_initialization    cinit        002C
init_fetch0              inittext     074F
init_ram0                inittext     0753
interrupt_function       intentry     0004
intlevel0                functab      0000
intlevel1                functab      0000
intlevel2                functab      0000
intlevel3                functab      0000
intlevel4                functab      0000
intlevel5                functab      0000
reset_vec                reset_vec    0000
saved_w                  (abs)        007E
start                    init         000E
start_initialization     cinit        0011
wtemp0                   (abs)        007E


MODULE INFORMATION

Module		Function		Class		Link	Load	Size
C:\Program Files\Microchip\xc8\v2.35\pic\sources\c90\common\awmod.c
		___awmod       		CODE           	064F	0000	91

C:\Program Files\Microchip\xc8\v2.35\pic\sources\c90\common\awmod.c estimated size: 91

C:\Program Files\Microchip\xc8\v2.35\pic\sources\c90\common\xxtofl.c
		___xxtofl      		CODE           	0391	0000	188

C:\Program Files\Microchip\xc8\v2.35\pic\sources\c90\common\xxtofl.c estimated size: 188

lab08_main-20168.c
		_tmr0_setup    		CODE           	0762	0000	13
		_main          		CODE           	06EA	0000	60
		_digits        		CODE           	044D	0000	175
		_isr           		CODE           	0578	0000	110
		_setup         		CODE           	06AA	0000	64

lab08_main-20168.c estimated size: 422

C:\Program Files\Microchip\xc8\v2.35\pic\sources\c90\common\fltol.c
		___fltol       		CODE           	04FC	0000	124

C:\Program Files\Microchip\xc8\v2.35\pic\sources\c90\common\fltol.c estimated size: 124

C:\Program Files\Microchip\xc8\v2.35\pic\sources\c90\common\awdiv.c
		___awdiv       		CODE           	05E6	0000	105

C:\Program Files\Microchip\xc8\v2.35\pic\sources\c90\common\awdiv.c estimated size: 105

C:\Program Files\Microchip\xc8\v2.35\pic\sources\c90\common\sprcmul.c
		___flmul       		CODE           	0030	0000	865

C:\Program Files\Microchip\xc8\v2.35\pic\sources\c90\common\sprcmul.c estimated size: 865

shared
		__initialization		CODE           	0011	0000	27

shared estimated size: 27

C:\Program Files\Microchip\xc8\v2.35\pic\sources\c90\common\Umul8_16.c
		__Umul8_16     		CODE           	0726	0000	41

C:\Program Files\Microchip\xc8\v2.35\pic\sources\c90\common\Umul8_16.c estimated size: 41

